// Jest Snapshot v1, https://goo.gl/fbAQLP

exports[`Buttton snapshot 1`] = `
<button
  className="sc-dlfnbm hedudr"
  onClick={
    [MockFunction] {
      "calls": Array [
        Array [],
      ],
      "results": Array [
        Object {
          "type": "return",
          "value": undefined,
        },
      ],
    }
  }
>
  title
</button>
`;
